<?xml version="1.0" encoding="UTF-8"?>
<testsuites name="Mocha Tests" time="0.011" tests="2" failures="1">
  <testsuite name="Root Suite" timestamp="2023-08-03T14:05:53" tests="0" time="0.000" failures="0">
  </testsuite>
  <testsuite name="getGitHubUserProfile" timestamp="2023-08-03T14:05:53" tests="1" file="/mnt/c/Users/mathe/OneDrive/Área de Trabalho/ufscar/Bolsa FAPESP TT/Desenvolvimento-TT1/Mocha/api.test.js" time="0.004" failures="1">
    <testcase name="getGitHubUserProfile fetches user profile data from GitHub API" time="0.001" classname="fetches user profile data from GitHub API">
      <failure message="fetch.mockResponse is not a function" type="TypeError"><![CDATA[TypeError: fetch.mockResponse is not a function
    at Context.<anonymous> (Mocha/api.test.js:14:11)
    at process.processImmediate (node:internal/timers:478:21)]]></failure>
    </testcase>
  </testsuite>
  <testsuite name="Sum function" timestamp="2023-08-03T14:05:53" tests="1" file="/mnt/c/Users/mathe/OneDrive/Área de Trabalho/ufscar/Bolsa FAPESP TT/Desenvolvimento-TT1/Mocha/sum.test.js" time="0.001" failures="0">
    <testcase name="Sum function should return the sum of two numbers" time="0.000" classname="should return the sum of two numbers">
    </testcase>
  </testsuite>
</testsuites>